// Jest Snapshot v1, https://goo.gl/fbAQLP

exports[`<Button /> Should render on screen properly 1`] = `
.c0 {
  all: unset;
  background-color: #00CBA9;
  border-radius: 0.313rem;
  width: 100%;
  height: 100%;
  display: -webkit-box;
  display: -webkit-flex;
  display: -ms-flexbox;
  display: flex;
  -webkit-box-pack: center;
  -webkit-justify-content: center;
  -ms-flex-pack: center;
  justify-content: center;
  -webkit-align-items: center;
  -webkit-box-align: center;
  -ms-flex-align: center;
  align-items: center;
  cursor: pointer;
}

<div>
  <button
    class="c0"
  >
    test
  </button>
</div>
`;
